
Allocating common symbols
Common symbol       size              file

g_task_own_fpu      0x4               task.o
g_startup_time      0x4               machdep.o
task0               0x4               task.o
g_task_running      0x4               task.o
g_resched           0x4               task.o
g_intr_vector       0x40              startup.o
g_ram_zone          0x40              startup.o
g_volinfo           0x34              startup.o
g_task_head         0x4               task.o

Memory Configuration

Name             Origin             Length             Attributes
*default*        0x00000000         0xffffffff

Linker script and memory map

                0x00400000                __image_base__ = 0x400000
                0x00000000                __dll__ = 0x0
                0x00400000                ___ImageBase = 0x400000
                0x00001000                __section_alignment__ = 0x1000
                0x00000200                __file_alignment__ = 0x200
                0x00000004                __major_os_version__ = 0x4
                0x00000000                __minor_os_version__ = 0x0
                0x00000001                __major_image_version__ = 0x1
                0x00000000                __minor_image_version__ = 0x0
                0x00000004                __major_subsystem_version__ = 0x4
                0x00000000                __minor_subsystem_version__ = 0x0
                0x00000003                __subsystem__ = 0x3
                0x00200000                __size_of_stack_reserve__ = 0x200000
                0x00001000                __size_of_stack_commit__ = 0x1000
                0x00100000                __size_of_heap_reserve__ = 0x100000
                0x00001000                __size_of_heap_commit__ = 0x1000
                0x00000000                __loader_flags__ = 0x0
                0x00008000                __dll_characteristics__ = 0x8000
LOAD entry.o
LOAD ide.o
LOAD floppy.o
LOAD pci.o
LOAD vm86.o
LOAD kbd.o
LOAD timer.o
LOAD machdep.o
LOAD task.o
LOAD mktime.o
LOAD sem.o
LOAD page.o
LOAD startup.o
LOAD frame.o
LOAD kmalloc.o
LOAD dosfs.o
LOAD pe.o
LOAD elf.o
LOAD printk.o
LOAD bitmap.o
LOAD ../lib/softfloat.o
LOAD ../lib/string.o
LOAD ../lib/memcpy.o
LOAD ../lib/memset.o
LOAD ../lib/snprintf.o
LOAD ../lib/tlsf/tlsf.o
                0xc0100000                . = 0xc0100000

.text           0xc0100000     0x9200
 *(.text)
 .text          0xc0100000      0x974 entry.o
                0xc0100000                entry
                0xc0100036                exception_divide_error
                0xc010003c                exception_debug
                0xc0100042                exception_nmi
                0xc0100048                exception_breakpoint
                0xc010004e                exception_overflow
                0xc0100054                exception_bounds_check
                0xc010005a                exception_inval_opcode
                0xc0100060                exception_copr_not_avail
                0xc0100066                exception_double_fault
                0xc010006a                exception_copr_seg_overrun
                0xc0100070                exception_inval_tss
                0xc0100074                exception_segment_not_present
                0xc0100078                exception_stack_fault
                0xc010007c                exception_general_protection
                0xc0100080                exception_page_fault
                0xc0100084                exception_intel_reserved
                0xc010008a                exception_copr_error
                0xc0100090                exception_alignment_check
                0xc0100094                exception_machine_check
                0xc010009a                exception_simd_fp
                0xc0100129                int0x82_syscall
                0xc0100185                ret_from_syscall
                0xc01001bf                hwint00
                0xc0100234                hwint01
                0xc01002a9                hwint02
                0xc010031e                hwint03
                0xc0100393                hwint04
                0xc0100408                hwint05
                0xc010047d                hwint06
                0xc01004f2                hwint07
                0xc0100567                hwint08
                0xc01005de                hwint09
                0xc0100655                hwint10
                0xc01006cc                hwint11
                0xc0100743                hwint12
                0xc01007ba                hwint13
                0xc0100831                hwint14
                0xc01008a8                hwint15
                0xc010091f                lgdt
                0xc0100945                lidt
                0xc010094d                sys_vm86
 .text          0xc0100974      0x1cc ide.o
                0xc0100974                ide_init
                0xc01009c8                ide_read_sector
                0xc0100a9c                ide_write_sector
 .text          0xc0100b40        0x0 floppy.o
 .text          0xc0100b40      0x36c pci.o
                0xc0100d08                pci_get_bar_addr
                0xc0100d5c                pci_get_bar_size
                0xc0100e04                pci_get_intr_line
                0xc0100e54                pci_init
 .text          0xc0100eac      0xae0 vm86.o
                0xc0100eac                vm86_init
                0xc0100f14                vm86_emulate
                0xc0101870                vm86_call
 .text          0xc010198c      0x224 kbd.o
                0xc010198c                isr_keyboard
                0xc0101b90                sys_getchar
 .text          0xc0101bb0      0x254 timer.o
                0xc0101c34                isr_timer
                0xc0101c7c                calibrate_delay
                0xc0101d78                sys_sleep
                0xc0101d90                sys_nanosleep
 .text          0xc0101e04     0x15a4 machdep.o
                0xc0101e38                enable_irq
                0xc0101e70                disable_irq
                0xc0101ea8                switch_to
                0xc0101ed4                sys_putchar
                0xc0101ff0                sys_beep
                0xc010200c                sys_time
                0xc0102024                sys_time_precise_impl
                0xc01020d4                syscall
                0xc01025d4                do_page_fault
                0xc0102660                exception
                0xc0102af4                cstart
 .text          0xc01033a8      0x4a4 task.o
                0xc01033a8                schedule
                0xc0103430                sleep_on
                0xc010348c                wake_up
                0xc01034b4                sys_task_create
                0xc01036d4                sys_task_exit
                0xc0103724                sys_task_wait
                0xc01037e4                sys_task_getid
                0xc01037f8                sys_task_yield
                0xc010380c                init_task
 .text          0xc010384c       0xa4 mktime.o
                0xc010384c                mktime
 .text          0xc01038f0       0x20 sem.o
                0xc01038f0                sys_sem_create
                0xc01038f8                sys_sem_destroy
                0xc0103900                sys_sem_wait
                0xc0103908                sys_sem_signal
 .text          0xc0103910      0x400 page.o
                0xc0103910                init_vmspace
                0xc0103954                page_alloc_in_addr
                0xc0103a8c                page_alloc
                0xc0103bd4                page_free
                0xc0103c60                page_prot
                0xc0103ca4                page_map
                0xc0103ce0                page_unmap
 .text          0xc0103d10      0x294 startup.o
                0xc0103d10                isr_default
                0xc0103d14                DFS_ReadSector
                0xc0103d50                DFS_WriteSector
                0xc0103d8c                start_user_task
                0xc0103ee0                mi_startup
 .text          0xc0103fa4      0x268 frame.o
                0xc0103fa4                init_frame
                0xc01040a0                frame_alloc_in_addr
                0xc010412c                frame_alloc
                0xc01041b0                frame_free
 .text          0xc010420c       0xa4 kmalloc.o
                0xc010420c                kmalloc
                0xc010422c                krealloc
                0xc0104250                kfree
                0xc0104270                kmemalign
                0xc0104294                init_kmalloc
 .text          0xc01042b0     0x1a14 dosfs.o
                0xc01042b0                ldiv
                0xc01042cc                div
                0xc01042e8                DFS_GetPtnStart
                0xc010436c                DFS_GetVolInfo
                0xc01044a0                DFS_GetFAT
                0xc01046a8                DFS_SetFAT
                0xc01049b4                DFS_CanonicalToDir
                0xc0104a1c                DFS_GetFreeFAT
                0xc0104a74                DFS_GetNext
                0xc0104bd4                DFS_OpenDir
                0xc0104e04                DFS_GetFreeDirEnt
                0xc0104f5c                DFS_OpenFile
                0xc0105390                DFS_ReadFile
                0xc010563c                DFS_Seek
                0xc01057b4                DFS_UnlinkFile
                0xc01058b0                DFS_WriteFile
                0xc0105cc0                DFS_Close
 .text          0xc0105cc4      0x300 pe.o
                0xc0105cc4                load_aout
 .text          0xc0105fc4        0x0 elf.o
 .text          0xc0105fc4       0x50 printk.o
                0xc0105fc4                printk
 .text          0xc0106014      0x45c bitmap.o
                0xc0106014                bitmap_create_in_buf
                0xc0106058                bitmap_buf_size
                0xc010606c                bitmap_size
                0xc0106074                bitmap_set
                0xc01060a0                bitmap_mark
                0xc01060c0                bitmap_reset
                0xc01060e0                bitmap_flip
                0xc0106100                bitmap_test
                0xc0106124                bitmap_set_all
                0xc0106150                bitmap_set_multiple
                0xc0106184                bitmap_count
                0xc01061d8                bitmap_contains
                0xc010624c                bitmap_any
                0xc01062ac                bitmap_none
                0xc0106308                bitmap_all
                0xc0106364                bitmap_scan
                0xc0106418                bitmap_scan_and_flip
 .text          0xc0106470      0x27c ../lib/softfloat.o
                0xc0106538                __udivmoddi4
                0xc0106574                __divdi3
                0xc01065d4                __moddi3
                0xc010665c                __udivdi3
                0xc0106690                __umoddi3
 .text          0xc01066ec      0x308 ../lib/string.o
                0xc01066ec                memcmp
                0xc0106714                memmove
                0xc0106760                memchr
                0xc0106788                strcat
                0xc01067b4                strcmp
                0xc01067e4                strncmp
                0xc010681c                strchr
                0xc0106840                strrchr
                0xc0106860                strstr
                0xc01068f4                strcpy
                0xc010691c                strlen
                0xc0106938                strncpy
                0xc0106978                strcasecmp
                0xc01069a8                strncasecmp
 .text          0xc01069f4      0x580 ../lib/memcpy.o
                0xc01069f4                memcpy
 .text          0xc0106f74       0xa0 ../lib/memset.o
                0xc0106f74                memset
 .text          0xc0107014     0x16cc ../lib/snprintf.o
                0xc01080f8                vsnprintf
                0xc01086c4                snprintf
 .text          0xc01086e0      0xa1c ../lib/tlsf/tlsf.o
                0xc0108a7c                tlsf_check
                0xc0108bb4                tlsf_walk_pool
                0xc0108c18                tlsf_block_size
                0xc0108c2c                tlsf_check_pool
                0xc0108c5c                tlsf_size
                0xc0108c64                tlsf_align_size
                0xc0108c6c                tlsf_block_size_min
                0xc0108c74                tlsf_block_size_max
                0xc0108c7c                tlsf_pool_overhead
                0xc0108c84                tlsf_alloc_overhead
                0xc0108c8c                tlsf_add_pool
                0xc0108cdc                tlsf_remove_pool
                0xc0108d30                tlsf_create
                0xc0108d84                tlsf_create_with_pool
                0xc0108df4                tlsf_destroy
                0xc0108df8                tlsf_get_pool
                0xc0108e04                tlsf_malloc
                0xc0108e4c                tlsf_memalign
                0xc0108f90                tlsf_free
                0xc0108fa8                tlsf_realloc
                0xc01090fc                . = ALIGN (0x4)

.rodata
 *(.rodata)

.rdata          0xc0109100     0x1800
 *(.rdata)
 .rdata         0xc0109100       0x3c ide.o
 .rdata         0xc010913c      0x26c vm86.o
 *fill*         0xc01093a8       0x18 
 .rdata         0xc01093c0      0x760 kbd.o
 .rdata         0xc0109b20       0x44 timer.o
 .rdata         0xc0109b64      0x3bc machdep.o
 .rdata         0xc0109f20       0x30 task.o
 *fill*         0xc0109f50       0x10 
 .rdata         0xc0109f60       0x40 mktime.o
 .rdata         0xc0109fa0      0x144 startup.o
 .rdata         0xc010a0e4       0x24 frame.o
 .rdata         0xc010a108        0xc dosfs.o
 .rdata         0xc010a114       0x8c pe.o
 .rdata         0xc010a1a0      0x100 ../lib/string.o
 .rdata         0xc010a2a0       0x20 ../lib/memcpy.o
 .rdata         0xc010a2c0      0x330 ../lib/snprintf.o
 .rdata$zzz     0xc010a5f0       0x14 ide.o
 .rdata$zzz     0xc010a604       0x14 floppy.o
 .rdata$zzz     0xc010a618       0x14 pci.o
 .rdata$zzz     0xc010a62c       0x14 vm86.o
 .rdata$zzz     0xc010a640       0x14 kbd.o
 .rdata$zzz     0xc010a654       0x14 timer.o
 .rdata$zzz     0xc010a668       0x14 machdep.o
 .rdata$zzz     0xc010a67c       0x14 task.o
 .rdata$zzz     0xc010a690       0x14 mktime.o
 .rdata$zzz     0xc010a6a4       0x14 sem.o
 .rdata$zzz     0xc010a6b8       0x14 page.o
 .rdata$zzz     0xc010a6cc       0x14 startup.o
 .rdata$zzz     0xc010a6e0       0x14 frame.o
 .rdata$zzz     0xc010a6f4       0x14 kmalloc.o
 .rdata$zzz     0xc010a708       0x14 dosfs.o
 .rdata$zzz     0xc010a71c       0x14 pe.o
 .rdata$zzz     0xc010a730       0x14 elf.o
 .rdata$zzz     0xc010a744       0x14 printk.o
 .rdata$zzz     0xc010a758       0x14 bitmap.o
 .rdata$zzz     0xc010a76c       0x14 ../lib/softfloat.o
 .rdata$zzz     0xc010a780       0x14 ../lib/string.o
 .rdata$zzz     0xc010a794       0x14 ../lib/memcpy.o
 .rdata$zzz     0xc010a7a8       0x14 ../lib/memset.o
 .rdata$zzz     0xc010a7bc       0x14 ../lib/snprintf.o
 .rdata$zzz     0xc010a7d0       0x14 ../lib/tlsf/tlsf.o

.buildid        0xc010b000      0x200
 .buildid       0xc010b000       0x35 entry.o

.eh_frame       0xc010c000     0x3000
 .eh_frame      0xc010c000       0xc4 ide.o
 .eh_frame      0xc010c0c4      0x1bc pci.o
 .eh_frame      0xc010c280      0x10c vm86.o
 .eh_frame      0xc010c38c       0x6c kbd.o
 .eh_frame      0xc010c3f8       0xe4 timer.o
 .eh_frame      0xc010c4dc      0x5ec machdep.o
 .eh_frame      0xc010cac8      0x1c4 task.o
 .eh_frame      0xc010cc8c       0x3c mktime.o
 .eh_frame      0xc010ccc8       0x68 sem.o
 .eh_frame      0xc010cd30      0x1f4 page.o
 .eh_frame      0xc010cf24      0x1dc startup.o
 .eh_frame      0xc010d100      0x190 frame.o
 .eh_frame      0xc010d290       0xe0 kmalloc.o
 .eh_frame      0xc010d370      0xa78 dosfs.o
 .eh_frame      0xc010dde8      0x1d4 pe.o
 .eh_frame      0xc010dfbc       0x6c printk.o
 .eh_frame      0xc010e028      0x378 bitmap.o
 .eh_frame      0xc010e3a0      0x1a4 ../lib/softfloat.o
 .eh_frame      0xc010e544      0x230 ../lib/string.o
 .eh_frame      0xc010e774       0x88 ../lib/memcpy.o
 .eh_frame      0xc010e7fc       0x54 ../lib/memset.o
 .eh_frame      0xc010e850      0x1f0 ../lib/snprintf.o
 .eh_frame      0xc010ea40      0x534 ../lib/tlsf/tlsf.o

.data           0xc010ef80     0x2200
 *(.data)
 .data          0xc010ef80     0x2000 entry.o
                0xc0110f80                tmp_stack
 .data          0xc0110f80        0x0 ide.o
 .data          0xc0110f80        0x0 floppy.o
 .data          0xc0110f80        0x0 pci.o
 .data          0xc0110f80        0x0 vm86.o
 .data          0xc0110f80        0x0 kbd.o
 .data          0xc0110f80        0x0 timer.o
 .data          0xc0110f80       0x40 machdep.o
 .data          0xc0110fc0        0x0 task.o
 .data          0xc0110fc0        0x0 mktime.o
 .data          0xc0110fc0        0x0 sem.o
 .data          0xc0110fc0        0x0 page.o
 .data          0xc0110fc0        0x8 startup.o
                0xc0110fc0                PTD
                0xc0110fc4                PT
 .data          0xc0110fc8        0x0 frame.o
 .data          0xc0110fc8        0x0 kmalloc.o
 .data          0xc0110fc8        0x0 dosfs.o
 .data          0xc0110fc8        0x0 pe.o
 .data          0xc0110fc8        0x0 elf.o
 .data          0xc0110fc8        0x0 printk.o
 .data          0xc0110fc8        0x0 bitmap.o
 .data          0xc0110fc8        0x0 ../lib/softfloat.o
 .data          0xc0110fc8        0x0 ../lib/string.o
 .data          0xc0110fc8        0x0 ../lib/memcpy.o
 .data          0xc0110fc8        0x0 ../lib/memset.o
 .data          0xc0110fc8        0x0 ../lib/snprintf.o
 .data          0xc0110fc8        0x0 ../lib/tlsf/tlsf.o

.drectve        0xc0111000      0x200
 .drectve       0xc0111000       0x20 machdep.o
 .drectve       0xc0111020       0x8c task.o
 .drectve       0xc01110ac       0x54 startup.o
                0xc0111100                . = ALIGN (0x4)
                0xc0111100                _edata = .

.bss            0xc0111100     0x16b4
 *(.bss)
 .bss           0xc0111100        0x0 entry.o
 .bss           0xc0111100        0x0 ide.o
 .bss           0xc0111100        0x0 floppy.o
 .bss           0xc0111100     0x1060 pci.o
 .bss           0xc0112160        0x0 vm86.o
 .bss           0xc0112160       0x40 kbd.o
 .bss           0xc01121a0        0x8 timer.o
                0xc01121a0                g_timer_ticks
 *fill*         0xc01121a8       0x18 
 .bss           0xc01121c0      0x4a0 machdep.o
 .bss           0xc0112660        0x4 task.o
 .bss           0xc0112664        0x0 mktime.o
 .bss           0xc0112664        0x0 sem.o
 .bss           0xc0112664       0x18 page.o
 .bss           0xc011267c        0x0 startup.o
 *fill*         0xc011267c        0x4 
 .bss           0xc0112680       0x60 frame.o
 .bss           0xc01126e0        0x4 kmalloc.o
 .bss           0xc01126e4        0x0 dosfs.o
 .bss           0xc01126e4        0x0 pe.o
 .bss           0xc01126e4        0x0 elf.o
 .bss           0xc01126e4        0x0 printk.o
 .bss           0xc01126e4        0x0 bitmap.o
 .bss           0xc01126e4        0x0 ../lib/softfloat.o
 .bss           0xc01126e4        0x0 ../lib/string.o
 .bss           0xc01126e4        0x0 ../lib/memcpy.o
 .bss           0xc01126e4        0x0 ../lib/memset.o
 .bss           0xc01126e4        0x0 ../lib/snprintf.o
 .bss           0xc01126e4        0x0 ../lib/tlsf/tlsf.o
 *(COMMON)
 COMMON         0xc01126e4        0x4 machdep.o
                0xc01126e4                g_startup_time
 COMMON         0xc01126e8       0x14 task.o
                0xc01126e8                g_task_own_fpu
                0xc01126ec                task0
                0xc01126f0                g_task_running
                0xc01126f4                g_resched
                0xc01126f8                g_task_head
 *fill*         0xc01126fc        0x4 
 COMMON         0xc0112700       0xb4 startup.o
                0xc0112700                g_intr_vector
                0xc0112740                g_ram_zone
                0xc0112780                g_volinfo
                0xc01127b4                . = ALIGN (0x4)
                0xc01127b4                _end = .
OUTPUT(eposkrnl.out pei-i386)

.debug_info     0x00000000    0x16c00
 .debug_info    0x00000000     0x18f3 ide.o
 .debug_info    0x000018f3      0xfcc pci.o
 .debug_info    0x000028bf     0x113a vm86.o
 .debug_info    0x000039f9      0x8ac kbd.o
 .debug_info    0x000042a5      0x9e2 timer.o
 .debug_info    0x00004c87     0x3ae0 machdep.o
 .debug_info    0x00008767      0xb43 task.o
 .debug_info    0x000092aa      0x27b mktime.o
 .debug_info    0x00009525      0x62c sem.o
 .debug_info    0x00009b51      0xa00 page.o
 .debug_info    0x0000a551      0xb7c startup.o
 .debug_info    0x0000b0cd      0x8bc frame.o
 .debug_info    0x0000b989      0x3e3 kmalloc.o
 .debug_info    0x0000bd6c     0x218b dosfs.o
 .debug_info    0x0000def7     0x12c5 pe.o
 .debug_info    0x0000f1bc      0x65b printk.o
 .debug_info    0x0000f817     0x127c bitmap.o
 .debug_info    0x00010a93      0x59d ../lib/softfloat.o
 .debug_info    0x00011030      0x882 ../lib/string.o
 .debug_info    0x000118b2      0x3fd ../lib/memcpy.o
 .debug_info    0x00011caf      0x25f ../lib/memset.o
 .debug_info    0x00011f0e     0x102a ../lib/snprintf.o
 .debug_info    0x00012f38     0x3b8c ../lib/tlsf/tlsf.o

.debug_abbrev   0x00000000     0x3200
 .debug_abbrev  0x00000000      0x1e3 ide.o
 .debug_abbrev  0x000001e3      0x278 pci.o
 .debug_abbrev  0x0000045b      0x2d0 vm86.o
 .debug_abbrev  0x0000072b      0x210 kbd.o
 .debug_abbrev  0x0000093b      0x232 timer.o
 .debug_abbrev  0x00000b6d      0x571 machdep.o
 .debug_abbrev  0x000010de      0x336 task.o
 .debug_abbrev  0x00001414       0xbf mktime.o
 .debug_abbrev  0x000014d3       0xf5 sem.o
 .debug_abbrev  0x000015c8      0x204 page.o
 .debug_abbrev  0x000017cc      0x1f8 startup.o
 .debug_abbrev  0x000019c4      0x180 frame.o
 .debug_abbrev  0x00001b44       0xe8 kmalloc.o
 .debug_abbrev  0x00001c2c      0x351 dosfs.o
 .debug_abbrev  0x00001f7d      0x1bf pe.o
 .debug_abbrev  0x0000213c      0x12a printk.o
 .debug_abbrev  0x00002266      0x2f8 bitmap.o
 .debug_abbrev  0x0000255e      0x169 ../lib/softfloat.o
 .debug_abbrev  0x000026c7      0x19f ../lib/string.o
 .debug_abbrev  0x00002866       0xad ../lib/memcpy.o
 .debug_abbrev  0x00002913       0x95 ../lib/memset.o
 .debug_abbrev  0x000029a8      0x297 ../lib/snprintf.o
 .debug_abbrev  0x00002c3f      0x504 ../lib/tlsf/tlsf.o

.debug_loc      0x00000000    0x13000
 .debug_loc     0x00000000      0xbd3 ide.o
 .debug_loc     0x00000bd3      0x772 pci.o
 .debug_loc     0x00001345     0x16e6 vm86.o
 .debug_loc     0x00002a2b      0x32c kbd.o
 .debug_loc     0x00002d57      0x443 timer.o
 .debug_loc     0x0000319a     0x2241 machdep.o
 .debug_loc     0x000053db      0x48b task.o
 .debug_loc     0x00005866       0x71 mktime.o
 .debug_loc     0x000058d7      0x6fe page.o
 .debug_loc     0x00005fd5      0x122 startup.o
 .debug_loc     0x000060f7      0x280 frame.o
 .debug_loc     0x00006377       0x93 kmalloc.o
 .debug_loc     0x0000640a     0x1deb dosfs.o
 .debug_loc     0x000081f5      0x31f pe.o
 .debug_loc     0x00008514       0xa8 printk.o
 .debug_loc     0x000085bc      0xf19 bitmap.o
 .debug_loc     0x000094d5      0x6f7 ../lib/softfloat.o
 .debug_loc     0x00009bcc      0xb30 ../lib/string.o
 .debug_loc     0x0000a6fc     0x1140 ../lib/memcpy.o
 .debug_loc     0x0000b83c      0x1fd ../lib/memset.o
 .debug_loc     0x0000ba39     0x3535 ../lib/snprintf.o
 .debug_loc     0x0000ef6e     0x3ff8 ../lib/tlsf/tlsf.o

.debug_aranges  0x00000000      0x400
 .debug_aranges
                0x00000000       0x20 ide.o
 .debug_aranges
                0x00000020       0x20 pci.o
 .debug_aranges
                0x00000040       0x20 vm86.o
 .debug_aranges
                0x00000060       0x20 kbd.o
 .debug_aranges
                0x00000080       0x20 timer.o
 .debug_aranges
                0x000000a0       0x20 machdep.o
 .debug_aranges
                0x000000c0       0x20 task.o
 .debug_aranges
                0x000000e0       0x20 mktime.o
 .debug_aranges
                0x00000100       0x20 sem.o
 .debug_aranges
                0x00000120       0x20 page.o
 .debug_aranges
                0x00000140       0x20 startup.o
 .debug_aranges
                0x00000160       0x20 frame.o
 .debug_aranges
                0x00000180       0x20 kmalloc.o
 .debug_aranges
                0x000001a0       0x20 dosfs.o
 .debug_aranges
                0x000001c0       0x20 pe.o
 .debug_aranges
                0x000001e0       0x20 printk.o
 .debug_aranges
                0x00000200       0x20 bitmap.o
 .debug_aranges
                0x00000220       0x20 ../lib/softfloat.o
 .debug_aranges
                0x00000240       0x20 ../lib/string.o
 .debug_aranges
                0x00000260       0x20 ../lib/memcpy.o
 .debug_aranges
                0x00000280       0x20 ../lib/memset.o
 .debug_aranges
                0x000002a0       0x20 ../lib/snprintf.o
 .debug_aranges
                0x000002c0       0x20 ../lib/tlsf/tlsf.o

.debug_ranges   0x00000000     0x1c00
 .debug_ranges  0x00000000      0x1b0 ide.o
 .debug_ranges  0x000001b0      0x138 pci.o
 .debug_ranges  0x000002e8      0x248 vm86.o
 .debug_ranges  0x00000530       0x68 kbd.o
 .debug_ranges  0x00000598      0x358 machdep.o
 .debug_ranges  0x000008f0       0x60 task.o
 .debug_ranges  0x00000950       0x18 startup.o
 .debug_ranges  0x00000968       0x18 frame.o
 .debug_ranges  0x00000980      0x258 dosfs.o
 .debug_ranges  0x00000bd8       0x18 pe.o
 .debug_ranges  0x00000bf0      0x528 bitmap.o
 .debug_ranges  0x00001118       0x60 ../lib/softfloat.o
 .debug_ranges  0x00001178       0x30 ../lib/string.o
 .debug_ranges  0x000011a8       0x90 ../lib/memcpy.o
 .debug_ranges  0x00001238       0xe8 ../lib/snprintf.o
 .debug_ranges  0x00001320      0x750 ../lib/tlsf/tlsf.o

.debug_line     0x00000000     0xa200
 .debug_line    0x00000000      0x8b4 ide.o
 .debug_line    0x000008b4        0x0 floppy.o
 .debug_line    0x000008b4      0x442 pci.o
 .debug_line    0x00000cf6      0xb58 vm86.o
 .debug_line    0x0000184e      0x29b kbd.o
 .debug_line    0x00001ae9      0x2bb timer.o
 .debug_line    0x00001da4     0x18c0 machdep.o
 .debug_line    0x00003664      0x5e7 task.o
 .debug_line    0x00003c4b       0xe3 mktime.o
 .debug_line    0x00003d2e       0x86 sem.o
 .debug_line    0x00003db4      0x531 page.o
 .debug_line    0x000042e5      0x20a startup.o
 .debug_line    0x000044ef      0x25b frame.o
 .debug_line    0x0000474a       0xfd kmalloc.o
 .debug_line    0x00004847     0x16f4 dosfs.o
 .debug_line    0x00005f3b      0x270 pe.o
 .debug_line    0x000061ab        0x0 elf.o
 .debug_line    0x000061ab       0xbe printk.o
 .debug_line    0x00006269      0x6eb bitmap.o
 .debug_line    0x00006954      0x253 ../lib/softfloat.o
 .debug_line    0x00006ba7      0x3f8 ../lib/string.o
 .debug_line    0x00006f9f      0x8aa ../lib/memcpy.o
 .debug_line    0x00007849      0x184 ../lib/memset.o
 .debug_line    0x000079cd     0x1200 ../lib/snprintf.o
 .debug_line    0x00008bcd     0x15a9 ../lib/tlsf/tlsf.o

.debug_str      0x00000000      0x600
 .debug_str     0x00000000        0x0 ide.o
 .debug_str     0x00000000        0x0 floppy.o
 .debug_str     0x00000000        0xf pci.o
 .debug_str     0x0000000f       0x1e vm86.o
 .debug_str     0x0000002d        0x9 kbd.o
 .debug_str     0x00000036        0xf timer.o
 .debug_str     0x00000045      0x110 machdep.o
 .debug_str     0x00000155       0x24 task.o
 .debug_str     0x00000179        0x0 mktime.o
 .debug_str     0x00000179        0x0 sem.o
 .debug_str     0x00000179        0xd page.o
 .debug_str     0x00000186       0xe2 startup.o
 .debug_str     0x00000268       0x62 frame.o
 .debug_str     0x000002ca       0x53 kmalloc.o
 .debug_str     0x0000031d       0xd4 dosfs.o
 .debug_str     0x000003f1       0x76 pe.o
 .debug_str     0x00000467        0x0 elf.o
 .debug_str     0x00000467       0x16 printk.o
 .debug_str     0x0000047d       0x1c bitmap.o
 .debug_str     0x00000499        0x0 ../lib/softfloat.o
 .debug_str     0x00000499        0x0 ../lib/string.o
 .debug_str     0x00000499       0x17 ../lib/memcpy.o
 .debug_str     0x000004b0        0x0 ../lib/memset.o
 .debug_str     0x000004b0       0x53 ../lib/snprintf.o
 .debug_str     0x00000503       0x6e ../lib/tlsf/tlsf.o
