
Allocating common symbols
Common symbol       size              file

g_heap              0x4               lib/malloc.o

Discarded input sections

 .drectve       0x00000000       0x18 lib/malloc.o

Memory Configuration

Name             Origin             Length             Attributes
*default*        0x00000000         0xffffffff

Linker script and memory map

                0x00400000                __image_base__ = 0x400000
                0x00000000                __dll__ = 0x0
                0x00400000                ___ImageBase = 0x400000
                0x00001000                __section_alignment__ = 0x1000
                0x00000200                __file_alignment__ = 0x200
                0x00000004                __major_os_version__ = 0x4
                0x00000000                __minor_os_version__ = 0x0
                0x00000001                __major_image_version__ = 0x1
                0x00000000                __minor_image_version__ = 0x0
                0x00000004                __major_subsystem_version__ = 0x4
                0x00000000                __minor_subsystem_version__ = 0x0
                0x00000003                __subsystem__ = 0x3
                0x00200000                __size_of_stack_reserve__ = 0x200000
                0x00001000                __size_of_stack_commit__ = 0x1000
                0x00100000                __size_of_heap_reserve__ = 0x100000
                0x00001000                __size_of_heap_commit__ = 0x1000
                0x00000000                __loader_flags__ = 0x0
                0x00008000                __dll_characteristics__ = 0x8000
LOAD lib/crt0.o
LOAD lib/setjmp.o
LOAD lib/syscall-wrapper.o
LOAD vm86call.o
LOAD graphics.o
LOAD main.o
LOAD lib/sysconf.o
LOAD lib/math.o
LOAD lib/stdio.o
LOAD lib/stdlib.o
LOAD lib/qsort.o
LOAD ../lib/softfloat.o
LOAD ../lib/string.o
LOAD ../lib/memcpy.o
LOAD ../lib/memset.o
LOAD ../lib/snprintf.o
LOAD lib/malloc.o
LOAD ../lib/tlsf/tlsf.o
                0x000003a8                . = SIZEOF_HEADERS
                0x00001000                . = ALIGN (__section_alignment__)

.text           0x00401000     0x5e00
 *(.init)
 *(.text)
 .text          0x00401000        0x8 lib/crt0.o
                0x00401000                start
 .text          0x00401008       0x38 lib/setjmp.o
                0x00401008                setjmp
                0x00401022                longjmp
 .text          0x00401040       0x98 lib/syscall-wrapper.o
                0x00401040                task_exit
                0x00401048                task_create
                0x00401050                task_getid
                0x00401058                task_yield
                0x00401060                task_wait
                0x00401068                reboot
                0x00401070                mmap
                0x00401078                munmap
                0x00401080                sleep
                0x00401088                nanosleep
                0x00401090                beep
                0x00401098                vm86
                0x004010a0                putchar
                0x004010a8                getchar
                0x004010b0                recv
                0x004010b8                send
                0x004010c0                ioctl
                0x004010c8                time
                0x004010d0                time_precise
 .text          0x004010d8      0x114 vm86call.o
                0x004010d8                vm86call
 .text          0x004011ec      0xaf0 graphics.o
                0x00401388                list_graphic_modes
                0x004015b0                init_graphic
                0x004018a8                exit_graphic
                0x004018e0                setPixel
                0x00401ba8                line
 .text          0x00401cdc      0xb4c main.o
                0x0040238c                sort_thread
                0x004026b4                __main
                0x004026e8                print_chongqing_time
 .text          0x00402828       0x18 lib/sysconf.o
                0x00402828                sysconf
 .text          0x00402840      0x3b8 lib/math.o
                0x00402840                fabs
                0x00402854                floor
                0x0040289c                ceil
                0x004028f4                sin
                0x004028fc                cos
                0x00402904                sqrt
                0x0040290c                log2
                0x00402918                atan2
                0x00402924                tan
                0x00402930                cot
                0x0040293c                pow
                0x004029ac                exp
                0x004029f0                log
                0x00402a00                atan
 .text          0x00402bf8      0x164 lib/stdio.o
                0x00402bf8                printf
                0x00402c4c                fprintf
                0x00402ca0                vprintf
                0x00402cf4                vfprintf
                0x00402d08                vsprintf
                0x00402d28                sprintf
                0x00402d48                fputc
 .text          0x00402d5c      0x68c lib/stdlib.o
                0x00402d5c                exit
                0x00402d64                ldiv
                0x00402d80                div
                0x00402d9c                rand_r
                0x00402e10                rand
                0x00402e74                srand
                0x00402e80                strtol
                0x004030f8                strtoul
                0x004033a0                atol
                0x004033b4                strdup
 .text          0x004033e8      0x8f8 lib/qsort.o
                0x004033e8                qsort
 .text          0x00403ce0      0x27c ../lib/softfloat.o
                0x00403da8                __udivmoddi4
                0x00403de4                __divdi3
                0x00403e44                __moddi3
                0x00403ecc                __udivdi3
                0x00403f00                __umoddi3
 .text          0x00403f5c      0x308 ../lib/string.o
                0x00403f5c                memcmp
                0x00403f84                memmove
                0x00403fd0                memchr
                0x00403ff8                strcat
                0x00404024                strcmp
                0x00404054                strncmp
                0x0040408c                strchr
                0x004040b0                strrchr
                0x004040d0                strstr
                0x00404164                strcpy
                0x0040418c                strlen
                0x004041a8                strncpy
                0x004041e8                strcasecmp
                0x00404218                strncasecmp
 .text          0x00404264      0x580 ../lib/memcpy.o
                0x00404264                memcpy
 .text          0x004047e4       0xa0 ../lib/memset.o
                0x004047e4                memset
 .text          0x00404884     0x16cc ../lib/snprintf.o
                0x00405968                vsnprintf
                0x00405f34                snprintf
 .text          0x00405f50       0xa0 lib/malloc.o
                0x00405f50                malloc
                0x00405f68                calloc
                0x00405fa0                memalign
                0x00405fbc                realloc
                0x00405fd8                free
 .text          0x00405ff0      0xa1c ../lib/tlsf/tlsf.o
                0x0040638c                tlsf_check
                0x004064c4                tlsf_walk_pool
                0x00406528                tlsf_block_size
                0x0040653c                tlsf_check_pool
                0x0040656c                tlsf_size
                0x00406574                tlsf_align_size
                0x0040657c                tlsf_block_size_min
                0x00406584                tlsf_block_size_max
                0x0040658c                tlsf_pool_overhead
                0x00406594                tlsf_alloc_overhead
                0x0040659c                tlsf_add_pool
                0x004065ec                tlsf_remove_pool
                0x00406640                tlsf_create
                0x00406694                tlsf_create_with_pool
                0x00406704                tlsf_destroy
                0x00406708                tlsf_get_pool
                0x00406714                tlsf_malloc
                0x0040675c                tlsf_memalign
                0x004068a0                tlsf_free
                0x004068b8                tlsf_realloc
 *(SORT_BY_NAME(.text$*))
 *(.text.*)
 .text.startup  0x00406a0c      0x370 main.o
                0x00406a0c                main
 *(.gnu.linkonce.t.*)
 *(.glue_7t)
 *(.glue_7)
                0x00406d7c                ___CTOR_LIST__ = .
                0x00406d7c                __CTOR_LIST__ = .
                0x00406d7c        0x4 LONG 0xffffffff
 *(.ctors)
 *(.ctor)
 *(SORT_BY_NAME(.ctors.*))
                0x00406d80        0x4 LONG 0x0
                0x00406d84                ___DTOR_LIST__ = .
                0x00406d84                __DTOR_LIST__ = .
                0x00406d84        0x4 LONG 0xffffffff
 *(.dtors)
 *(.dtor)
 *(SORT_BY_NAME(.dtors.*))
                0x00406d88        0x4 LONG 0x0
 *(.fini)
 *(.gcc_exc)
                [!provide]                PROVIDE (etext = .)
                [!provide]                PROVIDE (_etext = .)
 *(.gcc_except_table)

.data           0x00407000      0x200
                0x00407000                __data_start__ = .
 *(.data)
 .data          0x00407000        0x0 lib/crt0.o
 .data          0x00407000        0x0 lib/setjmp.o
 .data          0x00407000        0x0 lib/syscall-wrapper.o
 .data          0x00407000        0x0 vm86call.o
 .data          0x00407000        0x4 graphics.o
 *fill*         0x00407004       0x1c 
 .data          0x00407020       0xe0 main.o
 .data          0x00407100        0x0 lib/sysconf.o
 .data          0x00407100        0x0 lib/math.o
 .data          0x00407100        0x0 lib/stdio.o
 .data          0x00407100        0x4 lib/stdlib.o
 .data          0x00407104        0x0 lib/qsort.o
 .data          0x00407104        0x0 ../lib/softfloat.o
 .data          0x00407104        0x0 ../lib/string.o
 .data          0x00407104        0x0 ../lib/memcpy.o
 .data          0x00407104        0x0 ../lib/memset.o
 .data          0x00407104        0x0 ../lib/snprintf.o
 .data          0x00407104        0x0 lib/malloc.o
 .data          0x00407104        0x0 ../lib/tlsf/tlsf.o
 *(.data2)
 *(SORT_BY_NAME(.data$*))
 *(.jcr)
                0x00407104                __data_end__ = .
 *(.data_cygwin_nocopy)

.rdata          0x00408000      0xa00
 *(.rdata)
 .rdata         0x00408000       0x2c vm86call.o
 .rdata         0x0040802c      0x260 graphics.o
 *fill*         0x0040828c       0x14 
 .rdata         0x004082a0      0x100 main.o
 .rdata         0x004083a0       0xe0 lib/math.o
 .rdata         0x00408480      0x100 ../lib/string.o
 .rdata         0x00408580       0x20 ../lib/memcpy.o
 .rdata         0x004085a0      0x330 ../lib/snprintf.o
 *(SORT_BY_NAME(.rdata$*))
 .rdata$zzz     0x004088d0       0x14 vm86call.o
 .rdata$zzz     0x004088e4       0x14 graphics.o
 .rdata$zzz     0x004088f8       0x14 main.o
 .rdata$zzz     0x0040890c       0x14 lib/sysconf.o
 .rdata$zzz     0x00408920       0x14 lib/math.o
 .rdata$zzz     0x00408934       0x14 lib/stdio.o
 .rdata$zzz     0x00408948       0x14 lib/stdlib.o
 .rdata$zzz     0x0040895c       0x14 lib/qsort.o
 .rdata$zzz     0x00408970       0x14 ../lib/softfloat.o
 .rdata$zzz     0x00408984       0x14 ../lib/string.o
 .rdata$zzz     0x00408998       0x14 ../lib/memcpy.o
 .rdata$zzz     0x004089ac       0x14 ../lib/memset.o
 .rdata$zzz     0x004089c0       0x14 ../lib/snprintf.o
 .rdata$zzz     0x004089d4       0x14 lib/malloc.o
 .rdata$zzz     0x004089e8       0x14 ../lib/tlsf/tlsf.o
                0x004089fc                __rt_psrelocs_start = .
 *(.rdata_runtime_pseudo_reloc)
                0x004089fc                __rt_psrelocs_end = .
                0x00000000                __rt_psrelocs_size = (__rt_psrelocs_end - __rt_psrelocs_start)
                0x004089fc                ___RUNTIME_PSEUDO_RELOC_LIST_END__ = .
                0x004089fc                __RUNTIME_PSEUDO_RELOC_LIST_END__ = .
                0x004089fc                ___RUNTIME_PSEUDO_RELOC_LIST__ = (. - __rt_psrelocs_size)
                0x004089fc                __RUNTIME_PSEUDO_RELOC_LIST__ = (. - __rt_psrelocs_size)

.buildid        0x00409000      0x200
 .buildid       0x00409000       0x35 lib/crt0.o

.eh_frame       0x0040a000     0x1c00
 *(.eh_frame*)
 .eh_frame      0x0040a000       0x70 vm86call.o
 .eh_frame      0x0040a070      0x3b8 graphics.o
 .eh_frame      0x0040a428      0x3e0 main.o
 .eh_frame      0x0040a808       0x2c lib/sysconf.o
 .eh_frame      0x0040a834      0x184 lib/math.o
 .eh_frame      0x0040a9b8      0x18c lib/stdio.o
 .eh_frame      0x0040ab44      0x1b4 lib/stdlib.o
 .eh_frame      0x0040acf8      0x1a8 lib/qsort.o
 .eh_frame      0x0040aea0      0x1a4 ../lib/softfloat.o
 .eh_frame      0x0040b044      0x230 ../lib/string.o
 .eh_frame      0x0040b274       0x88 ../lib/memcpy.o
 .eh_frame      0x0040b2fc       0x54 ../lib/memset.o
 .eh_frame      0x0040b350      0x1f0 ../lib/snprintf.o
 .eh_frame      0x0040b540       0xdc lib/malloc.o
 .eh_frame      0x0040b61c      0x534 ../lib/tlsf/tlsf.o

.pdata
 *(.pdata*)

.bss            0x0040c000      0x334
                0x0040c000                __bss_start__ = .
 *(.bss)
 .bss           0x0040c000        0x0 lib/crt0.o
 .bss           0x0040c000        0x0 lib/setjmp.o
 .bss           0x0040c000        0x0 lib/syscall-wrapper.o
 .bss           0x0040c000        0x0 vm86call.o
 .bss           0x0040c000      0x320 graphics.o
                0x0040c000                g_graphic_dev
 .bss           0x0040c320       0x10 main.o
 .bss           0x0040c330        0x0 lib/sysconf.o
 .bss           0x0040c330        0x0 lib/math.o
 .bss           0x0040c330        0x0 lib/stdio.o
 .bss           0x0040c330        0x0 lib/stdlib.o
 .bss           0x0040c330        0x0 lib/qsort.o
 .bss           0x0040c330        0x0 ../lib/softfloat.o
 .bss           0x0040c330        0x0 ../lib/string.o
 .bss           0x0040c330        0x0 ../lib/memcpy.o
 .bss           0x0040c330        0x0 ../lib/memset.o
 .bss           0x0040c330        0x0 ../lib/snprintf.o
 .bss           0x0040c330        0x0 lib/malloc.o
 .bss           0x0040c330        0x0 ../lib/tlsf/tlsf.o
 *(COMMON)
 COMMON         0x0040c330        0x4 lib/malloc.o
                0x0040c330                g_heap
                0x0040c334                __bss_end__ = .

.edata
 *(.edata)

/DISCARD/
 *(.debug$S)
 *(.debug$T)
 *(.debug$F)
 *(.drectve)
 *(.note.GNU-stack)
 *(.gnu.lto_*)

.idata          0x0040d000      0x200
 SORT_BY_NAME(*)(.idata$2)
 SORT_BY_NAME(*)(.idata$3)
                0x0040d000        0x4 LONG 0x0
                0x0040d004        0x4 LONG 0x0
                0x0040d008        0x4 LONG 0x0
                0x0040d00c        0x4 LONG 0x0
                0x0040d010        0x4 LONG 0x0
 SORT_BY_NAME(*)(.idata$4)
                0x0040d014                __IAT_start__ = .
 SORT_BY_NAME(*)(.idata$5)
                0x0040d014                __IAT_end__ = .
 SORT_BY_NAME(*)(.idata$6)
 SORT_BY_NAME(*)(.idata$7)

.CRT            0x0040e000        0x0
                0x0040e000                ___crt_xc_start__ = .
 *(SORT_BY_NAME(.CRT$XC*))
                0x0040e000                ___crt_xc_end__ = .
                0x0040e000                ___crt_xi_start__ = .
 *(SORT_BY_NAME(.CRT$XI*))
                0x0040e000                ___crt_xi_end__ = .
                0x0040e000                ___crt_xl_start__ = .
 *(SORT_BY_NAME(.CRT$XL*))
                0x0040e000                ___crt_xp_start__ = .
 *(SORT_BY_NAME(.CRT$XP*))
                0x0040e000                ___crt_xp_end__ = .
                0x0040e000                ___crt_xt_start__ = .
 *(SORT_BY_NAME(.CRT$XT*))
                0x0040e000                ___crt_xt_end__ = .

.tls            0x0040e000        0x0
                0x0040e000                ___tls_start__ = .
 *(.tls$AAA)
 *(.tls)
 *(.tls$)
 *(SORT_BY_NAME(.tls$*))
 *(.tls$ZZZ)
                0x0040e000                ___tls_end__ = .

.endjunk        0x0040e000        0x0
                [!provide]                PROVIDE (end = .)
                [!provide]                PROVIDE (_end = .)
                0x0040e000                __end__ = .

.rsrc
 *(.rsrc)
 *(.rsrc$*)

.reloc
 *(.reloc)

.stab
 *(.stab)

.stabstr
 *(.stabstr)

.debug_aranges  0x0040e000      0x200
 *(.debug_aranges)
 .debug_aranges
                0x0040e000       0x20 vm86call.o
 .debug_aranges
                0x0040e020       0x20 graphics.o
 .debug_aranges
                0x0040e040       0x28 main.o
 .debug_aranges
                0x0040e068       0x20 lib/sysconf.o
 .debug_aranges
                0x0040e088       0x20 lib/math.o
 .debug_aranges
                0x0040e0a8       0x20 lib/stdio.o
 .debug_aranges
                0x0040e0c8       0x20 lib/stdlib.o
 .debug_aranges
                0x0040e0e8       0x20 lib/qsort.o
 .debug_aranges
                0x0040e108       0x20 ../lib/softfloat.o
 .debug_aranges
                0x0040e128       0x20 ../lib/string.o
 .debug_aranges
                0x0040e148       0x20 ../lib/memcpy.o
 .debug_aranges
                0x0040e168       0x20 ../lib/memset.o
 .debug_aranges
                0x0040e188       0x20 ../lib/snprintf.o
 .debug_aranges
                0x0040e1a8       0x20 lib/malloc.o
 .debug_aranges
                0x0040e1c8       0x20 ../lib/tlsf/tlsf.o

.zdebug_aranges
 *(.zdebug_aranges)

.debug_pubnames
 *(.debug_pubnames)

.zdebug_pubnames
 *(.zdebug_pubnames)

.debug_pubtypes
 *(.debug_pubtypes)

.zdebug_pubtypes
 *(.zdebug_pubtypes)

.debug_info     0x0040f000     0xbc00
 *(.debug_info .gnu.linkonce.wi.*)
 .debug_info    0x0040f000      0x3cc vm86call.o
 .debug_info    0x0040f3cc     0x1041 graphics.o
 .debug_info    0x0041040d     0x1d66 main.o
 .debug_info    0x00412173      0x130 lib/sysconf.o
 .debug_info    0x004122a3      0x72a lib/math.o
 .debug_info    0x004129cd      0x52c lib/stdio.o
 .debug_info    0x00412ef9      0x935 lib/stdlib.o
 .debug_info    0x0041382e      0xf42 lib/qsort.o
 .debug_info    0x00414770      0x589 ../lib/softfloat.o
 .debug_info    0x00414cf9      0x86e ../lib/string.o
 .debug_info    0x00415567      0x3e9 ../lib/memcpy.o
 .debug_info    0x00415950      0x24b ../lib/memset.o
 .debug_info    0x00415b9b     0x1016 ../lib/snprintf.o
 .debug_info    0x00416bb1      0x33f lib/malloc.o
 .debug_info    0x00416ef0     0x3b78 ../lib/tlsf/tlsf.o

.zdebug_info
 *(.zdebug_info .zdebug.gnu.linkonce.wi.*)

.debug_abbrev   0x0041b000     0x1e00
 *(.debug_abbrev)
 .debug_abbrev  0x0041b000       0xd9 vm86call.o
 .debug_abbrev  0x0041b0d9      0x356 graphics.o
 .debug_abbrev  0x0041b42f      0x40e main.o
 .debug_abbrev  0x0041b83d       0x4e lib/sysconf.o
 .debug_abbrev  0x0041b88b      0x1bc lib/math.o
 .debug_abbrev  0x0041ba47      0x158 lib/stdio.o
 .debug_abbrev  0x0041bb9f      0x261 lib/stdlib.o
 .debug_abbrev  0x0041be00      0x206 lib/qsort.o
 .debug_abbrev  0x0041c006      0x169 ../lib/softfloat.o
 .debug_abbrev  0x0041c16f      0x19f ../lib/string.o
 .debug_abbrev  0x0041c30e       0xad ../lib/memcpy.o
 .debug_abbrev  0x0041c3bb       0x95 ../lib/memset.o
 .debug_abbrev  0x0041c450      0x297 ../lib/snprintf.o
 .debug_abbrev  0x0041c6e7      0x14e lib/malloc.o
 .debug_abbrev  0x0041c835      0x504 ../lib/tlsf/tlsf.o

.zdebug_abbrev
 *(.zdebug_abbrev)

.debug_line     0x0041d000     0x6200
 *(.debug_line)
 .debug_line    0x0041d000      0x18c vm86call.o
 .debug_line    0x0041d18c      0x7c3 graphics.o
 .debug_line    0x0041d94f      0xc90 main.o
 .debug_line    0x0041e5df       0x50 lib/sysconf.o
 .debug_line    0x0041e62f      0x30f lib/math.o
 .debug_line    0x0041e93e      0x150 lib/stdio.o
 .debug_line    0x0041ea8e      0x693 lib/stdlib.o
 .debug_line    0x0041f121      0x654 lib/qsort.o
 .debug_line    0x0041f775      0x253 ../lib/softfloat.o
 .debug_line    0x0041f9c8      0x3f8 ../lib/string.o
 .debug_line    0x0041fdc0      0x8aa ../lib/memcpy.o
 .debug_line    0x0042066a      0x184 ../lib/memset.o
 .debug_line    0x004207ee     0x1200 ../lib/snprintf.o
 .debug_line    0x004219ee       0xf8 lib/malloc.o
 .debug_line    0x00421ae6     0x15a9 ../lib/tlsf/tlsf.o

.zdebug_line
 *(.zdebug_line)

.debug_frame
 *(.debug_frame*)

.zdebug_frame
 *(.zdebug_frame*)

.debug_str      0x00424000      0x400
 *(.debug_str)
 .debug_str     0x00424000        0x0 vm86call.o
 .debug_str     0x00424000       0x63 graphics.o
 .debug_str     0x00424063       0x88 main.o
 .debug_str     0x004240eb        0x0 lib/sysconf.o
 .debug_str     0x004240eb        0x0 lib/math.o
 .debug_str     0x004240eb        0xf lib/stdio.o
 .debug_str     0x004240fa        0xa lib/stdlib.o
 .debug_str     0x00424104        0x9 lib/qsort.o
 .debug_str     0x0042410d        0x0 ../lib/softfloat.o
 .debug_str     0x0042410d        0x0 ../lib/string.o
 .debug_str     0x0042410d       0x17 ../lib/memcpy.o
 .debug_str     0x00424124        0x0 ../lib/memset.o
 .debug_str     0x00424124       0x53 ../lib/snprintf.o
 .debug_str     0x00424177       0x37 lib/malloc.o
 .debug_str     0x004241ae       0x6e ../lib/tlsf/tlsf.o

.zdebug_str
 *(.zdebug_str)

.debug_loc      0x00425000     0xea00
 *(.debug_loc)
 .debug_loc     0x00425000      0x23e vm86call.o
 .debug_loc     0x0042523e      0x7d7 graphics.o
 .debug_loc     0x00425a15     0x18b3 main.o
 .debug_loc     0x004272c8      0x6b4 lib/math.o
 .debug_loc     0x0042797c      0x246 lib/stdio.o
 .debug_loc     0x00427bc2      0xb1e lib/stdlib.o
 .debug_loc     0x004286e0     0x173a lib/qsort.o
 .debug_loc     0x00429e1a      0x6f7 ../lib/softfloat.o
 .debug_loc     0x0042a511      0xb30 ../lib/string.o
 .debug_loc     0x0042b041     0x1140 ../lib/memcpy.o
 .debug_loc     0x0042c181      0x1fd ../lib/memset.o
 .debug_loc     0x0042c37e     0x3535 ../lib/snprintf.o
 .debug_loc     0x0042f8b3       0x44 lib/malloc.o
 .debug_loc     0x0042f8f7     0x3ff8 ../lib/tlsf/tlsf.o

.zdebug_loc
 *(.zdebug_loc)

.debug_macinfo
 *(.debug_macinfo)

.zdebug_macinfo
 *(.zdebug_macinfo)

.debug_weaknames
 *(.debug_weaknames)

.zdebug_weaknames
 *(.zdebug_weaknames)

.debug_funcnames
 *(.debug_funcnames)

.zdebug_funcnames
 *(.zdebug_funcnames)

.debug_typenames
 *(.debug_typenames)

.zdebug_typenames
 *(.zdebug_typenames)

.debug_varnames
 *(.debug_varnames)

.zdebug_varnames
 *(.zdebug_varnames)

.debug_macro
 *(.debug_macro)

.zdebug_macro
 *(.zdebug_macro)

.debug_ranges   0x00434000      0xe00
 *(.debug_ranges)
 .debug_ranges  0x00434000       0x30 graphics.o
 .debug_ranges  0x00434030      0x128 main.o
 .debug_ranges  0x00434158       0x40 lib/math.o
 .debug_ranges  0x00434198       0x30 lib/stdlib.o
 .debug_ranges  0x004341c8      0x1a8 lib/qsort.o
 .debug_ranges  0x00434370       0x60 ../lib/softfloat.o
 .debug_ranges  0x004343d0       0x30 ../lib/string.o
 .debug_ranges  0x00434400       0x90 ../lib/memcpy.o
 .debug_ranges  0x00434490       0xe8 ../lib/snprintf.o
 .debug_ranges  0x00434578      0x750 ../lib/tlsf/tlsf.o

.zdebug_ranges
 *(.zdebug_ranges)

.debug_types
 *(.debug_types .gnu.linkonce.wt.*)

.zdebug_types
 *(.zdebug_types .gnu.linkonce.wt.*)

.debug_gdb_scripts
 *(.debug_gdb_scripts)

.zdebug_gdb_scripts
 *(.zdebug_gdb_scripts)
OUTPUT(a.out pei-i386)
